
> insurance-platform@0.1.0 build
> npx prisma generate && next build

Environment variables loaded from .env
Prisma schema loaded from prisma\schema.prisma

✔ Generated Prisma Client (v6.15.0) to .\node_modules\@prisma\client in 523ms

Start by importing your Prisma Client (See: https://pris.ly/d/importing-client)

Tip: Interested in query caching in just a few lines of code? Try Accelerate today! https://pris.ly/tip-3-accelerate

   ▲ Next.js 15.5.0
   - Environments: .env
   - Experiments (use with caution):
     · optimizePackageImports

   Creating an optimized production build ...

[2m[2773.49ms][22m [@tailwindcss/postcss] src\app\globals.css
[2m[   0.41ms][22m  [2m ↳ [22mQuick bail check
[2m[ 172.25ms][22m  [2m ↳ [22mSetup compiler
[2m[   1.55ms][22m    [2m ↳ [22mPostCSS AST -> Tailwind CSS AST
[2m[ 170.57ms][22m    [2m ↳ [22mCreate compiler
[2m[   0.35ms][22m  [2m ↳ [22mRegister full rebuild paths
[2m[  52.42ms][22m  [2m ↳ [22mSetup scanner
[2m[ 620.90ms][22m  [2m ↳ [22mScan for candidates
[2m[ 694.50ms][22m  [2m ↳ [22mRegister dependency messages
[2m[ 213.68ms][22m  [2m ↳ [22mBuild utilities
[2m[ 996.91ms][22m  [2m ↳ [22mOptimization
[2m[   2.78ms][22m    [2m ↳ [22mAST -> CSS
[2m[ 929.26ms][22m    [2m ↳ [22mLightning CSS
[2m[  64.76ms][22m    [2m ↳ [22mCSS -> PostCSS AST
[2m[  19.86ms][22m  [2m ↳ [22mUpdate PostCSS AST

 ⚠ Compiled with warnings in 115s

./node_modules/resend/dist/index.mjs
Module not found: Can't resolve '@react-email/render' in 'c:\Users\TonzMachineV2.0\Desktop\Ma50\lalisure-nextjs-fix\node_modules\resend\dist'

Import trace for requested module:
./node_modules/resend/dist/index.mjs
./src/lib/services/email.ts
./src/components/admin/email-test-simple.tsx

   Skipping validation of types
   Skipping linting
   Collecting page data ...
   Generating static pages (0/86) ...
   Generating static pages (21/86) 
   Generating static pages (42/86) 
   Generating static pages (64/86) 
 ✓ Generating static pages (86/86)
   Finalizing page optimization ...
   Collecting build traces ...

Route (app)                                 Size  First Load JS
┌ ○ /                                    18.3 kB         348 kB
├ ○ /_not-found                            193 B         328 kB
├ ○ /about                               5.44 kB         368 kB
├ ƒ /accept-invitation/[token]            3.7 kB         387 kB
├ ○ /admin/analytics                       216 B         328 kB
├ ○ /admin/analytics/overview            1.24 kB         329 kB
├ ○ /admin/claims                        5.62 kB         389 kB
├ ○ /admin/dashboard                     3.98 kB         387 kB
├ ○ /admin/email-analytics               4.62 kB         388 kB
├ ○ /admin/email-templates               4.94 kB         388 kB
├ ƒ /admin/email-templates/[id]          4.48 kB         388 kB
├ ○ /admin/email-templates/editor        3.08 kB         364 kB
├ ○ /admin/email-templates/new           7.54 kB         391 kB
├ ○ /admin/email-test-simple             11.2 kB         429 kB
├ ○ /admin/email-testing                 5.33 kB         389 kB
├ ○ /admin/invitations                    5.5 kB         389 kB
├ ○ /admin/policies                      2.41 kB         391 kB
├ ○ /admin/security                        216 B         328 kB
├ ○ /admin/security/overview             1.63 kB         329 kB
├ ○ /admin/settings                        216 B         328 kB
├ ○ /admin/settings/general              2.27 kB         363 kB
├ ○ /admin/underwriters                  8.88 kB         392 kB
├ ○ /admin/users                           216 B         328 kB
├ ○ /admin/users/invitations             5.87 kB         389 kB
├ ○ /admin/users/management              7.82 kB         391 kB
├ ○ /admin/users/overview                1.61 kB         352 kB
├ ○ /admin/users/roles                   2.45 kB         363 kB
├ ○ /agent/claims                        4.84 kB         388 kB
├ ƒ /agent/claims/[id]                   6.12 kB         390 kB
├ ○ /agent/customers                     6.31 kB         390 kB
├ ƒ /agent/customers/[id]                5.91 kB         389 kB
├ ○ /agent/dashboard                     3.94 kB         387 kB
├ ○ /agent/policies                        479 B         390 kB
├ ƒ /agent/policies/[id]                 5.59 kB         389 kB
├ ○ /agent/quotes                        11.1 kB         395 kB
├ ○ /agent/settings                      7.03 kB         391 kB
├ ƒ /api/cron/email-retry                  216 B         328 kB
├ ƒ /api/cron/retry-emails                 216 B         328 kB
├ ƒ /api/health/services                   216 B         328 kB
├ ƒ /api/monitoring/dashboard              216 B         328 kB
├ ƒ /api/staff/forgot-password             216 B         328 kB
├ ƒ /api/staff/login                       216 B         328 kB
├ ƒ /api/staff/logout                      216 B         328 kB
├ ƒ /api/staff/me                          216 B         328 kB
├ ƒ /api/staff/register                    216 B         328 kB
├ ƒ /api/staff/reset-password              216 B         328 kB
├ ƒ /api/staff/settings                    216 B         328 kB
├ ƒ /api/test/claims-workflow              216 B         328 kB
├ ƒ /api/test/notifications                216 B         328 kB
├ ƒ /api/test/performance                  216 B         328 kB
├ ƒ /api/test/role-access                  216 B         328 kB
├ ƒ /api/test/security                     216 B         328 kB
├ ƒ /api/trpc/[trpc]                       216 B         328 kB
├ ƒ /api/uploadthing                       216 B         328 kB
├ ƒ /api/webhooks/clerk                    216 B         328 kB
├ ƒ /api/webhooks/paystack                 216 B         328 kB
├ ƒ /api/webhooks/resend                   216 B         328 kB
├ ○ /contact                             6.01 kB         369 kB
├ ○ /customer/claims                     4.85 kB         393 kB
├ ƒ /customer/claims/[id]                4.96 kB         393 kB
├ ○ /customer/claims/new                 9.51 kB         397 kB
├ ○ /customer/dashboard                  3.21 kB         391 kB
├ ○ /customer/payments                   5.01 kB         493 kB
├ ƒ /customer/payments/[paymentId]       2.81 kB         453 kB
├ ƒ /customer/payments/[paymentId]/pay   3.99 kB         387 kB
├ ○ /customer/payments/methods           3.95 kB         392 kB
├ ○ /customer/payments/methods/add        5.5 kB         393 kB
├ ○ /customer/payments/methods/failure    3.6 kB         392 kB
├ ○ /customer/payments/methods/success   4.15 kB         392 kB
├ ○ /customer/payments/verify            3.59 kB         487 kB
├ ○ /customer/policies                    5.7 kB         394 kB
├ ƒ /customer/policies/[id]              7.33 kB         401 kB
├ ƒ /customer/policies/[id]/edit         4.56 kB         398 kB
├ ○ /customer/policies/new               10.2 kB         407 kB
├ ○ /customer/profile                    6.61 kB         395 kB
├ ○ /customer/settings                   2.95 kB         391 kB
├ ○ /customer/settings/notifications     3.86 kB         387 kB
├ ○ /demo/help-buttons                   3.39 kB         368 kB
├ ○ /demo/validation-errors              6.33 kB         371 kB
├ ○ /onboarding                          2.83 kB         386 kB
├ ○ /products                            4.57 kB         368 kB
├ ○ /sign-in                               721 B         331 kB
├ ○ /sign-up                               736 B         331 kB
├ ○ /staff/forgot-password                2.1 kB         363 kB
├ ○ /staff/login                         3.62 kB         364 kB
├ ○ /staff/register                      4.56 kB         365 kB
├ ○ /staff/reset-password                2.39 kB         363 kB
├ ○ /support                               216 B         328 kB
├ ○ /support/faq                         6.65 kB         337 kB
├ ○ /support/help-center                 3.35 kB         333 kB
├ ○ /support/privacy-policy              5.06 kB         335 kB
├ ○ /support/security-policy             5.81 kB         336 kB
├ ○ /support/terms-of-service            6.36 kB         336 kB
├ ○ /underwriter/claims                  1.95 kB         390 kB
├ ○ /underwriter/dashboard               3.08 kB         391 kB
├ ○ /underwriter/policies                1.96 kB         390 kB
└ ○ /underwriter/risk-assessment         4.91 kB         393 kB
+ First Load JS shared by all             328 kB
  ├ chunks/4bd1b696-100b9d70ed4e49c1.js  54.2 kB
  └ chunks/vendors-7b335cf5d52bf6c1.js    271 kB
  └ other shared chunks (total)          2.06 kB


ƒ Middleware                             88.2 kB

○  (Static)   prerendered as static content
ƒ  (Dynamic)  server-rendered on demand


> insurance-platform@0.1.0 postbuild
> npm run db:migrate


> insurance-platform@0.1.0 db:migrate
> npx prisma generate && npx prisma db push

Environment variables loaded from .env
Prisma schema loaded from prisma\schema.prisma

✔ Generated Prisma Client (v6.15.0) to .\node_modules\@prisma\client in 280ms

Start by importing your Prisma Client (See: https://pris.ly/d/importing-client)

Tip: Need your database queries to be 1000x faster? Accelerate offers you that and more: https://pris.ly/tip-2-accelerate

Environment variables loaded from .env
Prisma schema loaded from prisma\schema.prisma
Datasource "db": MongoDB database "lalisure_db" at "cluster0.iewu6.mongodb.net"

The database is already in sync with the Prisma schema.

Running generate... (Use --skip-generate to skip the generators)
[2K[1A[2K[GRunning generate... - Prisma Client
[2K[1A[2K[G✔ Generated Prisma Client (v6.15.0) to .\node_modules\@prisma\client in 960ms

